#
# There is insufficient memory for the Java Runtime Environment to continue.
# Native memory allocation (mmap) failed to map 26214400 bytes for G1 virtual space
# Possible reasons:
#   The system is out of physical RAM or swap space
#   The process is running with CompressedOops enabled, and the Java Heap may be blocking the growth of the native heap
# Possible solutions:
#   Reduce memory load on the system
#   Increase physical memory or swap space
#   Check if swap backing store is full
#   Decrease Java heap size (-Xmx/-Xms)
#   Decrease number of Java threads
#   Decrease Java thread stack sizes (-Xss)
#   Set larger code cache with -XX:ReservedCodeCacheSize=
#   JVM is running with Unscaled Compressed Oops mode in which the Java heap is
#     placed in the first 4GB address space. The Java Heap base address is the
#     maximum limit for the native heap growth. Please use -XX:HeapBaseMinAddress
#     to set the Java Heap base and to place the Java Heap above 4GB virtual address.
# This output file may be truncated or incomplete.
#
#  Out of Memory Error (os_windows.cpp:3548), pid=33632, tid=13452
#
# JRE version: Java(TM) SE Runtime Environment (17.0.12+8) (build 17.0.12+8-LTS-286)
# Java VM: Java HotSpot(TM) 64-Bit Server VM (17.0.12+8-LTS-286, mixed mode, emulated-client, sharing, tiered, compressed oops, compressed class ptrs, g1 gc, windows-amd64)
# No core dump will be written. Minidumps are not enabled by default on client versions of Windows
#

---------------  S U M M A R Y ------------

Command Line: -XX:TieredStopAtLevel=1 com.codesync.comment.CommentServiceApplication

Host: 12th Gen Intel(R) Core(TM) i5-1235U, 12 cores, 7G,  Windows 11 , 64 bit Build 26100 (10.0.26100.8328)
Time: Mon May 18 11:57:39 2026 India Standard Time elapsed time: 48.464459 seconds (0d 0h 0m 48s)

---------------  T H R E A D  ---------------

Current thread (0x000001eafea524b0):  VMThread "VM Thread" [stack: 0x0000008211b00000,0x0000008211c00000] [id=13452]

Stack: [0x0000008211b00000,0x0000008211c00000]
Native frames: (J=compiled Java code, j=interpreted, Vv=VM code, C=native code)
V  [jvm.dll+0x67a04a]
V  [jvm.dll+0x7da4ed]
V  [jvm.dll+0x7dbe33]
V  [jvm.dll+0x7dc4a3]
V  [jvm.dll+0x24508f]
V  [jvm.dll+0x677089]
V  [jvm.dll+0x66bd32]
V  [jvm.dll+0x301fa6]
V  [jvm.dll+0x309546]
V  [jvm.dll+0x359d2e]
V  [jvm.dll+0x359f5f]
V  [jvm.dll+0x2d9078]
V  [jvm.dll+0x2d74ad]
V  [jvm.dll+0x2d6afc]
V  [jvm.dll+0x31a65b]
V  [jvm.dll+0x7e0d9b]
V  [jvm.dll+0x7e1ad4]
V  [jvm.dll+0x7e1fed]
V  [jvm.dll+0x7e23c4]
V  [jvm.dll+0x7e2490]
V  [jvm.dll+0x78abea]
V  [jvm.dll+0x678f35]
C  [ucrtbase.dll+0x37b0]
C  [KERNEL32.DLL+0x2e957]
C  [ntdll.dll+0x427c]

VM_Operation (0x00000082114fbf10): G1CollectForAllocation, mode: safepoint, requested by thread 0x000001eaeab43920


---------------  P R O C E S S  ---------------

Threads class SMR info:
_java_thread_list=0x000001eac550dcd0, length=16, elements={
0x000001eaeab43920, 0x000001eafea579d0, 0x000001eafea58f00, 0x000001eafea6d3f0,
0x000001eafea6ecd0, 0x000001eafea715b0, 0x000001eafea71e80, 0x000001eafea72800,
0x000001eafeaa8290, 0x000001eafeca6ce0, 0x000001eafecb3620, 0x000001eac5a0d710,
0x000001eac5ac2860, 0x000001eac59e98a0, 0x000001eac5c77840, 0x000001eac503f830
}

Java Threads: ( => current thread )
  0x000001eaeab43920 JavaThread "main" [_thread_blocked, id=5420, stack(0x0000008211400000,0x0000008211500000)]
  0x000001eafea579d0 JavaThread "Reference Handler" daemon [_thread_blocked, id=24920, stack(0x0000008211c00000,0x0000008211d00000)]
  0x000001eafea58f00 JavaThread "Finalizer" daemon [_thread_blocked, id=33168, stack(0x0000008211d00000,0x0000008211e00000)]
  0x000001eafea6d3f0 JavaThread "Signal Dispatcher" daemon [_thread_blocked, id=2024, stack(0x0000008211e00000,0x0000008211f00000)]
  0x000001eafea6ecd0 JavaThread "Attach Listener" daemon [_thread_blocked, id=28308, stack(0x0000008211f00000,0x0000008212000000)]
  0x000001eafea715b0 JavaThread "Service Thread" daemon [_thread_blocked, id=38232, stack(0x0000008212000000,0x0000008212100000)]
  0x000001eafea71e80 JavaThread "Monitor Deflation Thread" daemon [_thread_blocked, id=40160, stack(0x0000008212100000,0x0000008212200000)]
  0x000001eafea72800 JavaThread "C1 CompilerThread0" daemon [_thread_blocked, id=35560, stack(0x0000008212200000,0x0000008212300000)]
  0x000001eafeaa8290 JavaThread "Sweeper thread" daemon [_thread_blocked, id=21980, stack(0x0000008212300000,0x0000008212400000)]
  0x000001eafeca6ce0 JavaThread "Notification Thread" daemon [_thread_blocked, id=40888, stack(0x0000008212500000,0x0000008212600000)]
  0x000001eafecb3620 JavaThread "Common-Cleaner" daemon [_thread_blocked, id=26712, stack(0x0000008212700000,0x0000008212800000)]
  0x000001eac5a0d710 JavaThread "Catalina-utility-1" [_thread_blocked, id=12788, stack(0x0000008213300000,0x0000008213400000)]
  0x000001eac5ac2860 JavaThread "Catalina-utility-2" [_thread_blocked, id=32004, stack(0x0000008213400000,0x0000008213500000)]
  0x000001eac59e98a0 JavaThread "container-0" [_thread_blocked, id=39356, stack(0x0000008213500000,0x0000008213600000)]
  0x000001eac5c77840 JavaThread "PostgreSQL-JDBC-Cleaner" daemon [_thread_blocked, id=23216, stack(0x0000008213600000,0x0000008213700000)]
  0x000001eac503f830 JavaThread "HikariPool-1 housekeeper" daemon [_thread_blocked, id=41544, stack(0x0000008213700000,0x0000008213800000)]

Other Threads:
=>0x000001eafea524b0 VMThread "VM Thread" [stack: 0x0000008211b00000,0x0000008211c00000] [id=13452]
  0x000001eafecab1d0 WatcherThread [stack: 0x0000008212600000,0x0000008212700000] [id=18148]
  0x000001eaeab9d720 GCTaskThread "GC Thread#0" [stack: 0x0000008211600000,0x0000008211700000] [id=40060]
  0x000001eaff5e8df0 GCTaskThread "GC Thread#1" [stack: 0x0000008212800000,0x0000008212900000] [id=25544]
  0x000001eaff4f0880 GCTaskThread "GC Thread#2" [stack: 0x0000008212900000,0x0000008212a00000] [id=33588]
  0x000001eaff4f0b40 GCTaskThread "GC Thread#3" [stack: 0x0000008212a00000,0x0000008212b00000] [id=24856]
  0x000001eaff62b010 GCTaskThread "GC Thread#4" [stack: 0x0000008212b00000,0x0000008212c00000] [id=29712]
  0x000001eaff6c5c40 GCTaskThread "GC Thread#5" [stack: 0x0000008212c00000,0x0000008212d00000] [id=22400]
  0x000001eaff317300 GCTaskThread "GC Thread#6" [stack: 0x0000008212e00000,0x0000008212f00000] [id=20124]
  0x000001eaff3175c0 GCTaskThread "GC Thread#7" [stack: 0x0000008212f00000,0x0000008213000000] [id=30408]
  0x000001eafeab8af0 GCTaskThread "GC Thread#8" [stack: 0x0000008212d00000,0x0000008212e00000] [id=20268]
  0x000001eafec634c0 GCTaskThread "GC Thread#9" [stack: 0x0000008213000000,0x0000008213100000] [id=9408]
  0x000001eaeabadcb0 ConcurrentGCThread "G1 Main Marker" [stack: 0x0000008211700000,0x0000008211800000] [id=40744]
  0x000001eaeabae6c0 ConcurrentGCThread "G1 Conc#0" [stack: 0x0000008211800000,0x0000008211900000] [id=13556]
  0x000001eac572c4b0 ConcurrentGCThread "G1 Conc#1" [stack: 0x0000008213100000,0x0000008213200000] [id=41124]
  0x000001eac579a040 ConcurrentGCThread "G1 Conc#2" [stack: 0x0000008213200000,0x0000008213300000] [id=12688]
  0x000001eaeabfe3f0 ConcurrentGCThread "G1 Refine#0" [stack: 0x0000008211900000,0x0000008211a00000] [id=10380]
  0x000001eafe8fc080 ConcurrentGCThread "G1 Service" [stack: 0x0000008211a00000,0x0000008211b00000] [id=31896]

Threads with active compile tasks:

VM state: at safepoint (normal execution)

VM Mutex/Monitor currently owned by a thread:  ([mutex/lock_event])
[0x000001eaeab3fd10] Threads_lock - owner thread: 0x000001eafea524b0
[0x000001eaeab3fec0] Heap_lock - owner thread: 0x000001eaeab43920

Heap address: 0x0000000084e00000, size: 1970 MB, Compressed Oops mode: 32-bit

CDS archive(s) mapped at: [0x000001ea80000000-0x000001ea80bd0000-0x000001ea80bd0000), size 12386304, SharedBaseAddress: 0x000001ea80000000, ArchiveRelocationMode: 1.
Compressed class space mapped at: 0x000001ea81000000-0x000001eac1000000, reserved size: 1073741824
Narrow klass base: 0x000001ea80000000, Narrow klass shift: 0, Narrow klass range: 0x100000000

GC Precious Log:
 CPUs: 12 total, 12 available
 Memory: 7876M
 Large Page Support: Disabled
 NUMA Support: Disabled
 Compressed Oops: Enabled (32-bit)
 Heap Region Size: 1M
 Heap Min Capacity: 8M
 Heap Initial Capacity: 124M
 Heap Max Capacity: 1970M
 Pre-touch: Disabled
 Parallel Workers: 10
 Concurrent Workers: 3
 Concurrent Refinement Workers: 10
 Periodic GC: Disabled

Heap:
 garbage-first heap   total 65536K, used 32452K [0x0000000084e00000, 0x0000000100000000)
  region size 1024K, 2 young (2048K), 2 survivors (2048K)
 Metaspace       used 64169K, committed 64704K, reserved 1114112K
  class space    used 9351K, committed 9600K, reserved 1048576K

Heap Regions: E=young(eden), S=young(survivor), O=old, HS=humongous(starts), HC=humongous(continues), CS=collection set, F=free, OA=open archive, CA=closed archive, TAMS=top-at-mark-start (previous, next)
|   0|0x0000000084e00000, 0x0000000084f00000, 0x0000000084f00000|100%|HS|  |TAMS 0x0000000084f00000, 0x0000000084e00000| Complete 
|   1|0x0000000084f00000, 0x0000000085000000, 0x0000000085000000|100%|HS|  |TAMS 0x0000000085000000, 0x0000000084f00000| Complete 
|   2|0x0000000085000000, 0x0000000085100000, 0x0000000085100000|100%| O|  |TAMS 0x0000000085100000, 0x0000000085000000| Untracked 
|   3|0x0000000085100000, 0x0000000085200000, 0x0000000085200000|100%| O|  |TAMS 0x0000000085200000, 0x0000000085100000| Untracked 
|   4|0x0000000085200000, 0x0000000085300000, 0x0000000085300000|100%| O|  |TAMS 0x0000000085300000, 0x0000000085200000| Untracked 
|   5|0x0000000085300000, 0x0000000085400000, 0x0000000085400000|100%| O|  |TAMS 0x0000000085400000, 0x0000000085300000| Untracked 
|   6|0x0000000085400000, 0x0000000085500000, 0x0000000085500000|100%| O|  |TAMS 0x0000000085500000, 0x0000000085400000| Untracked 
|   7|0x0000000085500000, 0x0000000085600000, 0x0000000085600000|100%| O|  |TAMS 0x0000000085600000, 0x0000000085500000| Untracked 
|   8|0x0000000085600000, 0x0000000085700000, 0x0000000085700000|100%| O|  |TAMS 0x0000000085700000, 0x0000000085600000| Untracked 
|   9|0x0000000085700000, 0x0000000085800000, 0x0000000085800000|100%| O|  |TAMS 0x0000000085800000, 0x0000000085700000| Untracked 
|  10|0x0000000085800000, 0x0000000085900000, 0x0000000085900000|100%| O|  |TAMS 0x0000000085900000, 0x0000000085800000| Untracked 
|  11|0x0000000085900000, 0x0000000085a00000, 0x0000000085a00000|100%| O|  |TAMS 0x0000000085a00000, 0x0000000085900000| Untracked 
|  12|0x0000000085a00000, 0x0000000085b00000, 0x0000000085b00000|100%| O|  |TAMS 0x0000000085b00000, 0x0000000085a00000| Untracked 
|  13|0x0000000085b00000, 0x0000000085c00000, 0x0000000085c00000|100%| O|  |TAMS 0x0000000085c00000, 0x0000000085b00000| Untracked 
|  14|0x0000000085c00000, 0x0000000085d00000, 0x0000000085d00000|100%| O|  |TAMS 0x0000000085d00000, 0x0000000085c00000| Untracked 
|  15|0x0000000085d00000, 0x0000000085e00000, 0x0000000085e00000|100%| O|  |TAMS 0x0000000085e00000, 0x0000000085d00000| Untracked 
|  16|0x0000000085e00000, 0x0000000085f00000, 0x0000000085f00000|100%| O|  |TAMS 0x0000000085f00000, 0x0000000085e00000| Untracked 
|  17|0x0000000085f00000, 0x0000000086000000, 0x0000000086000000|100%| O|  |TAMS 0x0000000086000000, 0x0000000085f00000| Untracked 
|  18|0x0000000086000000, 0x0000000086100000, 0x0000000086100000|100%| O|  |TAMS 0x0000000086100000, 0x0000000086000000| Untracked 
|  19|0x0000000086100000, 0x0000000086200000, 0x0000000086200000|100%| O|  |TAMS 0x0000000086200000, 0x0000000086100000| Untracked 
|  20|0x0000000086200000, 0x0000000086300000, 0x0000000086300000|100%| O|  |TAMS 0x0000000086300000, 0x0000000086200000| Untracked 
|  21|0x0000000086300000, 0x0000000086400000, 0x0000000086400000|100%| O|  |TAMS 0x0000000086400000, 0x0000000086300000| Untracked 
|  22|0x0000000086400000, 0x0000000086500000, 0x0000000086500000|100%| O|  |TAMS 0x0000000086500000, 0x0000000086400000| Untracked 
|  23|0x0000000086500000, 0x0000000086600000, 0x0000000086600000|100%| O|  |TAMS 0x0000000086600000, 0x0000000086500000| Untracked 
|  24|0x0000000086600000, 0x0000000086700000, 0x0000000086700000|100%| O|  |TAMS 0x00000000866f7400, 0x0000000086600000| Untracked 
|  25|0x0000000086700000, 0x0000000086800000, 0x0000000086800000|100%| O|  |TAMS 0x0000000086700000, 0x0000000086700000| Untracked 
|  26|0x0000000086800000, 0x0000000086900000, 0x0000000086900000|100%| O|  |TAMS 0x0000000086800000, 0x0000000086800000| Untracked 
|  27|0x0000000086900000, 0x0000000086a00000, 0x0000000086a00000|100%| O|  |TAMS 0x0000000086900000, 0x0000000086900000| Untracked 
|  28|0x0000000086a00000, 0x0000000086b00000, 0x0000000086b00000|100%| O|  |TAMS 0x0000000086a00000, 0x0000000086a00000| Untracked 
|  29|0x0000000086b00000, 0x0000000086bcea00, 0x0000000086c00000| 80%| O|  |TAMS 0x0000000086b00000, 0x0000000086b00000| Untracked 
|  30|0x0000000086c00000, 0x0000000086c00000, 0x0000000086d00000|  0%| F|  |TAMS 0x0000000086c00000, 0x0000000086c00000| Untracked 
|  31|0x0000000086d00000, 0x0000000086d00000, 0x0000000086e00000|  0%| F|  |TAMS 0x0000000086d00000, 0x0000000086d00000| Untracked 
|  32|0x0000000086e00000, 0x0000000086e00000, 0x0000000086f00000|  0%| F|  |TAMS 0x0000000086e00000, 0x0000000086e00000| Untracked 
|  33|0x0000000086f00000, 0x0000000086f00000, 0x0000000087000000|  0%| F|  |TAMS 0x0000000086f00000, 0x0000000086f00000| Untracked 
|  34|0x0000000087000000, 0x0000000087000000, 0x0000000087100000|  0%| F|  |TAMS 0x0000000087000000, 0x0000000087000000| Untracked 
|  35|0x0000000087100000, 0x0000000087100000, 0x0000000087200000|  0%| F|  |TAMS 0x0000000087100000, 0x0000000087100000| Untracked 
|  36|0x0000000087200000, 0x0000000087200000, 0x0000000087300000|  0%| F|  |TAMS 0x0000000087200000, 0x0000000087200000| Untracked 
|  37|0x0000000087300000, 0x0000000087300000, 0x0000000087400000|  0%| F|  |TAMS 0x0000000087300000, 0x0000000087300000| Untracked 
|  38|0x0000000087400000, 0x0000000087400000, 0x0000000087500000|  0%| F|  |TAMS 0x0000000087400000, 0x0000000087400000| Untracked 
|  39|0x0000000087500000, 0x0000000087500000, 0x0000000087600000|  0%| F|  |TAMS 0x0000000087500000, 0x0000000087500000| Untracked 
|  40|0x0000000087600000, 0x0000000087600000, 0x0000000087700000|  0%| F|  |TAMS 0x0000000087600000, 0x0000000087600000| Untracked 
|  41|0x0000000087700000, 0x0000000087700000, 0x0000000087800000|  0%| F|  |TAMS 0x0000000087700000, 0x0000000087700000| Untracked 
|  42|0x0000000087800000, 0x00000000878e2998, 0x0000000087900000| 88%| S|CS|TAMS 0x0000000087800000, 0x0000000087800000| Complete 
|  43|0x0000000087900000, 0x0000000087a00000, 0x0000000087a00000|100%| S|CS|TAMS 0x0000000087900000, 0x0000000087900000| Complete 
|  44|0x0000000087a00000, 0x0000000087a00000, 0x0000000087b00000|  0%| F|  |TAMS 0x0000000087a00000, 0x0000000087a00000| Untracked 
|  45|0x0000000087b00000, 0x0000000087b00000, 0x0000000087c00000|  0%| F|  |TAMS 0x0000000087b00000, 0x0000000087b00000| Untracked 
|  46|0x0000000087c00000, 0x0000000087c00000, 0x0000000087d00000|  0%| F|  |TAMS 0x0000000087c00000, 0x0000000087c00000| Untracked 
|  47|0x0000000087d00000, 0x0000000087d00000, 0x0000000087e00000|  0%| F|  |TAMS 0x0000000087d00000, 0x0000000087d00000| Untracked 
|  48|0x0000000087e00000, 0x0000000087e00000, 0x0000000087f00000|  0%| F|  |TAMS 0x0000000087e00000, 0x0000000087e00000| Untracked 
|  49|0x0000000087f00000, 0x0000000087f00000, 0x0000000088000000|  0%| F|  |TAMS 0x0000000087f00000, 0x0000000087f00000| Untracked 
|  50|0x0000000088000000, 0x0000000088000000, 0x0000000088100000|  0%| F|  |TAMS 0x0000000088000000, 0x0000000088000000| Untracked 
|  51|0x0000000088100000, 0x0000000088100000, 0x0000000088200000|  0%| F|  |TAMS 0x0000000088100000, 0x0000000088100000| Untracked 
|  52|0x0000000088200000, 0x0000000088200000, 0x0000000088300000|  0%| F|  |TAMS 0x0000000088200000, 0x0000000088200000| Untracked 
|  53|0x0000000088300000, 0x0000000088300000, 0x0000000088400000|  0%| F|  |TAMS 0x0000000088300000, 0x0000000088300000| Untracked 
|  54|0x0000000088400000, 0x0000000088400000, 0x0000000088500000|  0%| F|  |TAMS 0x0000000088400000, 0x0000000088400000| Untracked 
|  55|0x0000000088500000, 0x0000000088500000, 0x0000000088600000|  0%| F|  |TAMS 0x0000000088500000, 0x0000000088500000| Untracked 
|  56|0x0000000088600000, 0x0000000088600000, 0x0000000088700000|  0%| F|  |TAMS 0x0000000088600000, 0x0000000088600000| Untracked 
|  57|0x0000000088700000, 0x0000000088700000, 0x0000000088800000|  0%| F|  |TAMS 0x0000000088700000, 0x0000000088700000| Untracked 
|  58|0x0000000088800000, 0x0000000088800000, 0x0000000088900000|  0%| F|  |TAMS 0x0000000088800000, 0x0000000088800000| Untracked 
|  59|0x0000000088900000, 0x0000000088900000, 0x0000000088a00000|  0%| F|  |TAMS 0x0000000088900000, 0x0000000088900000| Untracked 
|  60|0x0000000088a00000, 0x0000000088a00000, 0x0000000088b00000|  0%| F|  |TAMS 0x0000000088a00000, 0x0000000088a00000| Untracked 
| 108|0x000000008ba00000, 0x000000008ba00000, 0x000000008bb00000|  0%| F|  |TAMS 0x000000008ba00000, 0x000000008ba00000| Untracked 
| 109|0x000000008bb00000, 0x000000008bb00000, 0x000000008bc00000|  0%| F|  |TAMS 0x000000008bb00000, 0x000000008bb00000| Untracked 
| 123|0x000000008c900000, 0x000000008c900000, 0x000000008ca00000|  0%| F|  |TAMS 0x000000008c900000, 0x000000008c900000| Untracked 

Card table byte_map: [0x000001eaf7840000,0x000001eaf7c20000] _byte_map_base: 0x000001eaf7419000

Marking Bits (Prev, Next): (CMBitMap*) 0x000001eaeab9dd80, (CMBitMap*) 0x000001eaeab9dd40
 Prev Bits: [0x000001eaf9ed0000, 0x000001eafbd98000)
 Next Bits: [0x000001eaf8000000, 0x000001eaf9ec8000)

Polling page: 0x000001eaea850000

Metaspace:

Usage:
  Non-class:     53.53 MB used.
      Class:      9.13 MB used.
       Both:     62.67 MB used.

Virtual space:
  Non-class space:       64.00 MB reserved,      53.81 MB ( 84%) committed,  1 nodes.
      Class space:        1.00 GB reserved,       9.38 MB ( <1%) committed,  1 nodes.
             Both:        1.06 GB reserved,      63.19 MB (  6%) committed. 

Chunk freelists:
   Non-Class:  9.98 MB
       Class:  6.67 MB
        Both:  16.66 MB

MaxMetaspaceSize: unlimited
CompressedClassSpaceSize: 1.00 GB
Initial GC threshold: 21.00 MB
Current GC threshold: 98.75 MB
CDS: on
MetaspaceReclaimPolicy: balanced
 - commit_granule_bytes: 65536.
 - commit_granule_words: 8192.
 - virtual_space_node_default_size: 8388608.
 - enlarge_chunks_in_place: 1.
 - new_chunks_are_fully_committed: 0.
 - uncommit_free_chunks: 1.
 - use_allocation_guard: 0.
 - handle_deallocations: 1.


Internal statistics:

num_allocs_failed_limit: 9.
num_arena_births: 678.
num_arena_deaths: 20.
num_vsnodes_births: 2.
num_vsnodes_deaths: 0.
num_space_committed: 1011.
num_space_uncommitted: 0.
num_chunks_returned_to_freelist: 31.
num_chunks_taken_from_freelist: 3018.
num_chunk_merges: 13.
num_chunk_splits: 2167.
num_chunks_enlarged: 1721.
num_inconsistent_stats: 0.

CodeCache: size=49152Kb used=9174Kb max_used=9174Kb free=39977Kb
 bounds [0x000001eaf39c0000, 0x000001eaf42c0000, 0x000001eaf69c0000]
 total_blobs=5715 nmethods=5066 adapters=576
 compilation: enabled
              stopped_count=0, restarted_count=0
 full_count=0

Compilation events (20 events):
Event: 45.930 Thread 0x000001eafea72800 5058       1       org.springframework.core.annotation.AnnotationTypeMapping::computeSynthesizableFlag (226 bytes)
Event: 45.931 Thread 0x000001eafea72800 nmethod 5058 0x000001eaf42b1410 code [0x000001eaf42b1640, 0x000001eaf42b1b78]
Event: 45.989 Thread 0x000001eafea72800 5059   !   1       jdk.proxy1.$Proxy3::annotationType (29 bytes)
Event: 45.989 Thread 0x000001eafea72800 nmethod 5059 0x000001eaf42b1f10 code [0x000001eaf42b20c0, 0x000001eaf42b22d8]
Event: 46.022 Thread 0x000001eafea72800 5060       1       org.springframework.core.annotation.AnnotationTypeMappings::addMetaAnnotationsToQueue (134 bytes)
Event: 46.024 Thread 0x000001eafea72800 nmethod 5060 0x000001eaf42b2410 code [0x000001eaf42b2620, 0x000001eaf42b2bf8]
Event: 46.024 Thread 0x000001eafea72800 5063       1       org.springframework.core.annotation.AnnotationTypeMapping::validateAllAliasesClaimed (97 bytes)
Event: 46.025 Thread 0x000001eafea72800 nmethod 5063 0x000001eaf42b3010 code [0x000001eaf42b3280, 0x000001eaf42b3b48]
Event: 46.025 Thread 0x000001eafea72800 5062       1       org.springframework.core.annotation.AnnotationTypeMapping::afterAllMappingsSet (45 bytes)
Event: 46.026 Thread 0x000001eafea72800 nmethod 5062 0x000001eaf42b4010 code [0x000001eaf42b41c0, 0x000001eaf42b4328]
Event: 46.026 Thread 0x000001eafea72800 5061       1       org.springframework.core.annotation.AnnotationTypeMappings$$Lambda$70/0x000001ea8108f2a0::accept (8 bytes)
Event: 46.026 Thread 0x000001eafea72800 nmethod 5061 0x000001eaf42b4490 code [0x000001eaf42b4620, 0x000001eaf42b4748]
Event: 46.026 Thread 0x000001eafea72800 5064       1       jdk.proxy1.$Proxy0::<init> (6 bytes)
Event: 46.027 Thread 0x000001eafea72800 nmethod 5064 0x000001eaf42b4810 code [0x000001eaf42b49a0, 0x000001eaf42b4b68]
Event: 46.028 Thread 0x000001eafea72800 5065       1       org.springframework.core.env.MutablePropertySources::get (47 bytes)
Event: 46.028 Thread 0x000001eafea72800 nmethod 5065 0x000001eaf42b4c10 code [0x000001eaf42b4de0, 0x000001eaf42b4ff8]
Event: 46.049 Thread 0x000001eafea72800 5066       1       org.springframework.context.annotation.CommonAnnotationBeanPostProcessor::postProcessBeforeInstantiation (2 bytes)
Event: 46.049 Thread 0x000001eafea72800 nmethod 5066 0x000001eaf42b5190 code [0x000001eaf42b5320, 0x000001eaf42b53f8]
Event: 46.315 Thread 0x000001eafea72800 5067       1       com.fasterxml.jackson.databind.type.ClassKey::<init> (29 bytes)
Event: 46.317 Thread 0x000001eafea72800 nmethod 5067 0x000001eaf42b5490 code [0x000001eaf42b5640, 0x000001eaf42b5818]

GC Heap History (20 events):
Event: 19.178 GC heap after
{Heap after GC invocations=6 (full 0):
 garbage-first heap   total 65536K, used 19304K [0x0000000084e00000, 0x0000000100000000)
  region size 1024K, 4 young (4096K), 4 survivors (4096K)
 Metaspace       used 26189K, committed 26624K, reserved 1114112K
  class space    used 3764K, committed 3968K, reserved 1048576K
}
Event: 19.288 GC heap before
{Heap before GC invocations=6 (full 0):
 garbage-first heap   total 65536K, used 20328K [0x0000000084e00000, 0x0000000100000000)
  region size 1024K, 5 young (5120K), 4 survivors (4096K)
 Metaspace       used 26442K, committed 26816K, reserved 1114112K
  class space    used 3795K, committed 3968K, reserved 1048576K
}
Event: 19.302 GC heap after
{Heap after GC invocations=7 (full 0):
 garbage-first heap   total 65536K, used 19721K [0x0000000084e00000, 0x0000000100000000)
  region size 1024K, 1 young (1024K), 1 survivors (1024K)
 Metaspace       used 26442K, committed 26816K, reserved 1114112K
  class space    used 3795K, committed 3968K, reserved 1048576K
}
Event: 22.584 GC heap before
{Heap before GC invocations=7 (full 0):
 garbage-first heap   total 65536K, used 45321K [0x0000000084e00000, 0x0000000100000000)
  region size 1024K, 27 young (27648K), 1 survivors (1024K)
 Metaspace       used 30624K, committed 31040K, reserved 1114112K
  class space    used 4416K, committed 4608K, reserved 1048576K
}
Event: 22.603 GC heap after
{Heap after GC invocations=8 (full 0):
 garbage-first heap   total 65536K, used 22042K [0x0000000084e00000, 0x0000000100000000)
  region size 1024K, 3 young (3072K), 3 survivors (3072K)
 Metaspace       used 30624K, committed 31040K, reserved 1114112K
  class space    used 4416K, committed 4608K, reserved 1048576K
}
Event: 25.406 GC heap before
{Heap before GC invocations=8 (full 0):
 garbage-first heap   total 65536K, used 48666K [0x0000000084e00000, 0x0000000100000000)
  region size 1024K, 28 young (28672K), 3 survivors (3072K)
 Metaspace       used 34790K, committed 35200K, reserved 1114112K
  class space    used 4987K, committed 5184K, reserved 1048576K
}
Event: 25.414 GC heap after
{Heap after GC invocations=9 (full 0):
 garbage-first heap   total 65536K, used 23534K [0x0000000084e00000, 0x0000000100000000)
  region size 1024K, 2 young (2048K), 2 survivors (2048K)
 Metaspace       used 34790K, committed 35200K, reserved 1114112K
  class space    used 4987K, committed 5184K, reserved 1048576K
}
Event: 26.074 GC heap before
{Heap before GC invocations=9 (full 0):
 garbage-first heap   total 65536K, used 26606K [0x0000000084e00000, 0x0000000100000000)
  region size 1024K, 6 young (6144K), 2 survivors (2048K)
 Metaspace       used 35716K, committed 36096K, reserved 1114112K
  class space    used 5135K, committed 5312K, reserved 1048576K
}
Event: 26.081 GC heap after
{Heap after GC invocations=10 (full 0):
 garbage-first heap   total 65536K, used 23623K [0x0000000084e00000, 0x0000000100000000)
  region size 1024K, 2 young (2048K), 2 survivors (2048K)
 Metaspace       used 35716K, committed 36096K, reserved 1114112K
  class space    used 5135K, committed 5312K, reserved 1048576K
}
Event: 31.729 GC heap before
{Heap before GC invocations=11 (full 0):
 garbage-first heap   total 65536K, used 48199K [0x0000000084e00000, 0x0000000100000000)
  region size 1024K, 26 young (26624K), 2 survivors (2048K)
 Metaspace       used 45206K, committed 45696K, reserved 1114112K
  class space    used 6420K, committed 6656K, reserved 1048576K
}
Event: 31.738 GC heap after
{Heap after GC invocations=12 (full 0):
 garbage-first heap   total 65536K, used 25564K [0x0000000084e00000, 0x0000000100000000)
  region size 1024K, 4 young (4096K), 4 survivors (4096K)
 Metaspace       used 45206K, committed 45696K, reserved 1114112K
  class space    used 6420K, committed 6656K, reserved 1048576K
}
Event: 35.757 GC heap before
{Heap before GC invocations=12 (full 0):
 garbage-first heap   total 65536K, used 48092K [0x0000000084e00000, 0x0000000100000000)
  region size 1024K, 27 young (27648K), 4 survivors (4096K)
 Metaspace       used 50475K, committed 50944K, reserved 1114112K
  class space    used 7163K, committed 7360K, reserved 1048576K
}
Event: 35.766 GC heap after
{Heap after GC invocations=13 (full 0):
 garbage-first heap   total 65536K, used 26929K [0x0000000084e00000, 0x0000000100000000)
  region size 1024K, 4 young (4096K), 4 survivors (4096K)
 Metaspace       used 50475K, committed 50944K, reserved 1114112K
  class space    used 7163K, committed 7360K, reserved 1048576K
}
Event: 39.605 GC heap before
{Heap before GC invocations=13 (full 0):
 garbage-first heap   total 65536K, used 49457K [0x0000000084e00000, 0x0000000100000000)
  region size 1024K, 27 young (27648K), 4 survivors (4096K)
 Metaspace       used 57379K, committed 57856K, reserved 1114112K
  class space    used 8338K, committed 8576K, reserved 1048576K
}
Event: 39.647 GC heap after
{Heap after GC invocations=14 (full 0):
 garbage-first heap   total 65536K, used 27394K [0x0000000084e00000, 0x0000000100000000)
  region size 1024K, 2 young (2048K), 2 survivors (2048K)
 Metaspace       used 57379K, committed 57856K, reserved 1114112K
  class space    used 8338K, committed 8576K, reserved 1048576K
}
Event: 42.193 GC heap before
{Heap before GC invocations=14 (full 0):
 garbage-first heap   total 65536K, used 38658K [0x0000000084e00000, 0x0000000100000000)
  region size 1024K, 15 young (15360K), 2 survivors (2048K)
 Metaspace       used 59990K, committed 60416K, reserved 1114112K
  class space    used 8653K, committed 8832K, reserved 1048576K
}
Event: 42.205 GC heap after
{Heap after GC invocations=15 (full 0):
 garbage-first heap   total 65536K, used 28686K [0x0000000084e00000, 0x0000000100000000)
  region size 1024K, 4 young (4096K), 4 survivors (4096K)
 Metaspace       used 59990K, committed 60416K, reserved 1114112K
  class space    used 8653K, committed 8832K, reserved 1048576K
}
Event: 44.457 GC heap before
{Heap before GC invocations=16 (full 0):
 garbage-first heap   total 65536K, used 51214K [0x0000000084e00000, 0x0000000100000000)
  region size 1024K, 26 young (26624K), 4 survivors (4096K)
 Metaspace       used 62249K, committed 62848K, reserved 1114112K
  class space    used 9070K, committed 9344K, reserved 1048576K
}
Event: 44.479 GC heap after
{Heap after GC invocations=17 (full 0):
 garbage-first heap   total 65536K, used 30848K [0x0000000084e00000, 0x0000000100000000)
  region size 1024K, 4 young (4096K), 4 survivors (4096K)
 Metaspace       used 62249K, committed 62848K, reserved 1114112K
  class space    used 9070K, committed 9344K, reserved 1048576K
}
Event: 46.368 GC heap before
{Heap before GC invocations=17 (full 0):
 garbage-first heap   total 65536K, used 51328K [0x0000000084e00000, 0x0000000100000000)
  region size 1024K, 24 young (24576K), 4 survivors (4096K)
 Metaspace       used 64169K, committed 64704K, reserved 1114112K
  class space    used 9351K, committed 9600K, reserved 1048576K
}

Deoptimization events (8 events):
Event: 31.051 Thread 0x000001eaeab43920 DEOPT PACKING pc=0x000001eaf3e3df99 sp=0x00000082114fde20
Event: 31.051 Thread 0x000001eaeab43920 DEOPT UNPACKING pc=0x000001eaf3a12b43 sp=0x00000082114fd2c0 mode 3
Event: 31.051 Thread 0x000001eac503f830 DEOPT PACKING pc=0x000001eaf3afbeaf sp=0x00000082137ff220
Event: 31.051 Thread 0x000001eac503f830 DEOPT UNPACKING pc=0x000001eaf3a12b43 sp=0x00000082137fe688 mode 3
Event: 42.634 Thread 0x000001eaeab43920 DEOPT PACKING pc=0x000001eaf3e0c8a4 sp=0x00000082114fc930
Event: 42.634 Thread 0x000001eaeab43920 DEOPT UNPACKING pc=0x000001eaf3a12b43 sp=0x00000082114fbe88 mode 0
Event: 44.061 Thread 0x000001eaeab43920 DEOPT PACKING pc=0x000001eaf3e9489a sp=0x00000082114fcbe0
Event: 44.061 Thread 0x000001eaeab43920 DEOPT UNPACKING pc=0x000001eaf3a12b43 sp=0x00000082114fc0e8 mode 3

Classes unloaded (10 events):
Event: 42.269 Thread 0x000001eafea524b0 Unloading class 0x000001ea8111ac00 'java/lang/invoke/LambdaForm$DMH+0x000001ea8111ac00'
Event: 42.270 Thread 0x000001eafea524b0 Unloading class 0x000001ea81119c00 'java/lang/invoke/LambdaForm$MH+0x000001ea81119c00'
Event: 42.270 Thread 0x000001eafea524b0 Unloading class 0x000001ea81016800 'java/lang/invoke/LambdaForm$MH+0x000001ea81016800'
Event: 42.270 Thread 0x000001eafea524b0 Unloading class 0x000001ea81016000 'java/lang/invoke/LambdaForm$MH+0x000001ea81016000'
Event: 42.270 Thread 0x000001eafea524b0 Unloading class 0x000001ea81015c00 'java/lang/invoke/LambdaForm$MH+0x000001ea81015c00'
Event: 42.270 Thread 0x000001eafea524b0 Unloading class 0x000001ea81015800 'java/lang/invoke/LambdaForm$MH+0x000001ea81015800'
Event: 42.270 Thread 0x000001eafea524b0 Unloading class 0x000001ea81015400 'java/lang/invoke/LambdaForm$MH+0x000001ea81015400'
Event: 42.270 Thread 0x000001eafea524b0 Unloading class 0x000001ea81015000 'java/lang/invoke/LambdaForm$MH+0x000001ea81015000'
Event: 42.270 Thread 0x000001eafea524b0 Unloading class 0x000001ea81014800 'java/lang/invoke/LambdaForm$MH+0x000001ea81014800'
Event: 42.270 Thread 0x000001eafea524b0 Unloading class 0x000001ea81014000 'java/lang/invoke/LambdaForm$MH+0x000001ea81014000'

Classes redefined (0 events):
No events

Internal exceptions (20 events):
Event: 39.303 Thread 0x000001eaeab43920 Exception <a 'java/lang/NoSuchMethodError'{0x000000008781cdc8}: 'java.lang.Object java.lang.invoke.DirectMethodHandle$Holder.invokeSpecial(java.lang.Object, java.lang.Object, java.lang.Object, java.lang.Object, java.lang.Object, java.lang.Object, java.lang.Object, java.lang.Object, java.lang.Object, java.lang.Object, java.lang.Object, java.lang.Object, java.lang.Object)'> (0x000000008781cdc8) 
thrown [s\open\src\hotspot\share\interpreter\linkResolver.cpp, line 759]
Event: 39.303 Thread 0x000001eaeab43920 Exception <a 'java/lang/NoSuchMethodError'{0x00000000878214e0}: 'java.lang.Object java.lang.invoke.Invokers$Holder.linkToTargetMethod(java.lang.Object, java.lang.Object, java.lang.Object, java.lang.Object, java.lang.Object, java.lang.Object, java.lang.Object, java.lang.Object, java.lang.Object, java.lang.Object, java.lang.Object, java.lang.Object)'> (0x00000000878214e0) 
thrown [s\open\src\hotspot\share\interpreter\linkResolver.cpp, line 759]
Event: 39.673 Thread 0x000001eaeab43920 Exception <a 'java/lang/NoSuchMethodError'{0x000000008c93e580}: 'java.lang.Object java.lang.invoke.DirectMethodHandle$Holder.newInvokeSpecial(java.lang.Object, java.lang.Object, java.lang.Object, java.lang.Object, java.lang.Object, java.lang.Object, java.lang.Object, int)'> (0x000000008c93e580) 
thrown [s\open\src\hotspot\share\interpreter\linkResolver.cpp, line 759]
Event: 39.674 Thread 0x000001eaeab43920 Exception <a 'java/lang/NoSuchMethodError'{0x000000008c943578}: 'java.lang.Object java.lang.invoke.DirectMethodHandle$Holder.invokeSpecial(java.lang.Object, java.lang.Object, java.lang.Object, java.lang.Object, java.lang.Object, java.lang.Object, java.lang.Object, java.lang.Object, int)'> (0x000000008c943578) 
thrown [s\open\src\hotspot\share\interpreter\linkResolver.cpp, line 759]
Event: 39.674 Thread 0x000001eaeab43920 Exception <a 'java/lang/NoSuchMethodError'{0x000000008c948040}: 'java.lang.Object java.lang.invoke.Invokers$Holder.linkToTargetMethod(java.lang.Object, java.lang.Object, java.lang.Object, java.lang.Object, java.lang.Object, java.lang.Object, int, java.lang.Object)'> (0x000000008c948040) 
thrown [s\open\src\hotspot\share\interpreter\linkResolver.cpp, line 759]
Event: 39.778 Thread 0x000001eaeab43920 Exception <a 'java/lang/NoSuchMethodError'{0x000000008bb1b5b0}: 'void java.lang.invoke.DirectMethodHandle$Holder.invokeInterface(java.lang.Object, java.lang.Object)'> (0x000000008bb1b5b0) 
thrown [s\open\src\hotspot\share\interpreter\linkResolver.cpp, line 759]
Event: 41.495 Thread 0x000001eaeab43920 Exception <a 'java/lang/IncompatibleClassChangeError'{0x00000000885ef398}: Found class java.lang.Object, but interface was expected> (0x00000000885ef398) 
thrown [s\open\src\hotspot\share\interpreter\linkResolver.cpp, line 826]
Event: 41.591 Thread 0x000001eaeab43920 Exception <a 'java/lang/IncompatibleClassChangeError'{0x0000000088495e00}: Found class java.lang.Object, but interface was expected> (0x0000000088495e00) 
thrown [s\open\src\hotspot\share\interpreter\linkResolver.cpp, line 826]
Event: 41.887 Thread 0x000001eaeab43920 Exception <a 'java/lang/IncompatibleClassChangeError'{0x00000000882176d8}: Found class java.lang.Object, but interface was expected> (0x00000000882176d8) 
thrown [s\open\src\hotspot\share\interpreter\linkResolver.cpp, line 826]
Event: 42.911 Thread 0x000001eaeab43920 Exception <a 'java/lang/IncompatibleClassChangeError'{0x00000000889e9c20}: Found class java.lang.Object, but interface was expected> (0x00000000889e9c20) 
thrown [s\open\src\hotspot\share\interpreter\linkResolver.cpp, line 826]
Event: 43.668 Thread 0x000001eaeab43920 Exception <a 'java/lang/reflect/InvocationTargetException'{0x00000000881d30b8}> (0x00000000881d30b8) 
thrown [s\open\src\hotspot\share\runtime\reflection.cpp, line 1121]
Event: 43.721 Thread 0x000001eaeab43920 Exception <a 'java/lang/NoSuchMethodError'{0x0000000087c38238}: 'int java.lang.invoke.DirectMethodHandle$Holder.invokeStatic(java.lang.Object, java.lang.Object, int)'> (0x0000000087c38238) 
thrown [s\open\src\hotspot\share\interpreter\linkResolver.cpp, line 759]
Event: 43.777 Thread 0x000001eaeab43920 Exception <a 'java/lang/IncompatibleClassChangeError'{0x0000000087c97a80}: Found class java.lang.Object, but interface was expected> (0x0000000087c97a80) 
thrown [s\open\src\hotspot\share\interpreter\linkResolver.cpp, line 826]
Event: 44.004 Thread 0x000001eaeab43920 Exception <a 'java/lang/NoSuchMethodError'{0x0000000087a45f60}: 'java.lang.Object java.lang.invoke.DirectMethodHandle$Holder.invokeStatic(java.lang.Object, int, java.lang.Object)'> (0x0000000087a45f60) 
thrown [s\open\src\hotspot\share\interpreter\linkResolver.cpp, line 759]
Event: 44.035 Thread 0x000001eaeab43920 Exception <a 'java/lang/reflect/InvocationTargetException'{0x0000000087aa5f90}> (0x0000000087aa5f90) 
thrown [s\open\src\hotspot\share\runtime\reflection.cpp, line 1121]
Event: 44.648 Thread 0x000001eaeab43920 Exception <a 'java/lang/IncompatibleClassChangeError'{0x000000008bbc0098}: Found class java.lang.Object, but interface was expected> (0x000000008bbc0098) 
thrown [s\open\src\hotspot\share\interpreter\linkResolver.cpp, line 826]
Event: 44.649 Thread 0x000001eaeab43920 Exception <a 'java/lang/IncompatibleClassChangeError'{0x000000008bbc6ab0}: Found class java.lang.Object, but interface was expected> (0x000000008bbc6ab0) 
thrown [s\open\src\hotspot\share\interpreter\linkResolver.cpp, line 826]
Event: 44.651 Thread 0x000001eaeab43920 Exception <a 'java/lang/IncompatibleClassChangeError'{0x000000008bbcd198}: Found class java.lang.Object, but interface was expected> (0x000000008bbcd198) 
thrown [s\open\src\hotspot\share\interpreter\linkResolver.cpp, line 826]
Event: 44.785 Thread 0x000001eaeab43920 Exception <a 'java/lang/NoSuchMethodError'{0x000000008baca120}: 'void java.lang.invoke.DirectMethodHandle$Holder.invokeVirtual(java.lang.Object, java.lang.Object, long)'> (0x000000008baca120) 
thrown [s\open\src\hotspot\share\interpreter\linkResolver.cpp, line 759]
Event: 45.255 Thread 0x000001eaeab43920 Exception <a 'java/lang/NoSuchMethodError'{0x0000000088530290}: 'java.lang.Object java.lang.invoke.DirectMethodHandle$Holder.invokeInterface(java.lang.Object, java.lang.Object, java.lang.Object, java.lang.Object)'> (0x0000000088530290) 
thrown [s\open\src\hotspot\share\interpreter\linkResolver.cpp, line 759]

VM Operations (20 events):
Event: 41.663 Executing VM operation: Cleanup done
Event: 42.193 Executing VM operation: CollectForMetadataAllocation
Event: 42.206 Executing VM operation: CollectForMetadataAllocation done
Event: 42.268 Executing VM operation: G1Concurrent
Event: 42.413 Executing VM operation: G1Concurrent done
Event: 42.432 Executing VM operation: G1Concurrent
Event: 42.433 Executing VM operation: G1Concurrent done
Event: 42.633 Executing VM operation: HandshakeAllThreads
Event: 42.633 Executing VM operation: HandshakeAllThreads done
Event: 43.065 Executing VM operation: HandshakeAllThreads
Event: 43.065 Executing VM operation: HandshakeAllThreads done
Event: 43.068 Executing VM operation: HandshakeAllThreads
Event: 43.068 Executing VM operation: HandshakeAllThreads done
Event: 44.071 Executing VM operation: Cleanup
Event: 44.087 Executing VM operation: Cleanup done
Event: 44.457 Executing VM operation: G1CollectForAllocation
Event: 44.479 Executing VM operation: G1CollectForAllocation done
Event: 45.480 Executing VM operation: Cleanup
Event: 45.480 Executing VM operation: Cleanup done
Event: 46.368 Executing VM operation: G1CollectForAllocation

Events (20 events):
Event: 44.496 loading class javax/net/ssl/KeyManagerFactorySpi
Event: 44.496 loading class javax/net/ssl/KeyManagerFactorySpi done
Event: 44.496 loading class sun/security/ssl/KeyManagerFactoryImpl$SunX509
Event: 44.497 loading class sun/security/ssl/KeyManagerFactoryImpl
Event: 44.497 loading class sun/security/ssl/KeyManagerFactoryImpl done
Event: 44.497 loading class sun/security/ssl/KeyManagerFactoryImpl$SunX509 done
Event: 44.498 loading class sun/security/ssl/SunX509KeyManagerImpl
Event: 44.499 loading class sun/security/ssl/SunX509KeyManagerImpl done
Event: 44.542 loading class java/net/ProtocolException
Event: 44.543 loading class java/net/ProtocolException done
Event: 44.689 loading class java/util/concurrent/BlockingDeque
Event: 44.690 loading class java/util/concurrent/BlockingDeque done
Event: 44.714 loading class java/util/concurrent/LinkedBlockingDeque
Event: 44.717 loading class java/util/concurrent/LinkedBlockingDeque done
Event: 44.802 loading class java/util/concurrent/Semaphore
Event: 44.805 loading class java/util/concurrent/Semaphore done
Event: 45.827 loading class java/util/Collections$SynchronizedRandomAccessList
Event: 45.828 loading class java/util/Collections$SynchronizedList
Event: 45.834 loading class java/util/Collections$SynchronizedList done
Event: 45.835 loading class java/util/Collections$SynchronizedRandomAccessList done


Dynamic libraries:
0x00007ff6b5230000 - 0x00007ff6b5240000 	C:\Program Files\Java\jdk-17\bin\java.exe
0x00007ffbe5f60000 - 0x00007ffbe61c7000 	C:\WINDOWS\SYSTEM32\ntdll.dll
0x00007ffbe4eb0000 - 0x00007ffbe4f79000 	C:\WINDOWS\System32\KERNEL32.DLL
0x00007ffbe2d00000 - 0x00007ffbe30f7000 	C:\WINDOWS\System32\KERNELBASE.dll
0x00007ffbe3ae0000 - 0x00007ffbe3c2b000 	C:\WINDOWS\System32\ucrtbase.dll
0x00007ffba1520000 - 0x00007ffba1539000 	C:\Program Files\Java\jdk-17\bin\jli.dll
0x00007ffbe42b0000 - 0x00007ffbe4366000 	C:\WINDOWS\System32\ADVAPI32.dll
0x00007ffbe5e70000 - 0x00007ffbe5f19000 	C:\WINDOWS\System32\msvcrt.dll
0x00007ffbe4e00000 - 0x00007ffbe4ea7000 	C:\WINDOWS\System32\sechost.dll
0x00007ffbe4370000 - 0x00007ffbe4488000 	C:\WINDOWS\System32\RPCRT4.dll
0x00007ffbe5860000 - 0x00007ffbe5a26000 	C:\WINDOWS\System32\USER32.dll
0x00007ffbe2990000 - 0x00007ffbe29b7000 	C:\WINDOWS\System32\win32u.dll
0x00007ffbe44b0000 - 0x00007ffbe44db000 	C:\WINDOWS\System32\GDI32.dll
0x00007ffbe2bd0000 - 0x00007ffbe2cfc000 	C:\WINDOWS\System32\gdi32full.dll
0x00007ffbe3a30000 - 0x00007ffbe3ad3000 	C:\WINDOWS\System32\msvcp_win.dll
0x00007ffba0000000 - 0x00007ffba001b000 	C:\Program Files\Java\jdk-17\bin\VCRUNTIME140.dll
0x00007ffbc63d0000 - 0x00007ffbc6662000 	C:\WINDOWS\WinSxS\amd64_microsoft.windows.common-controls_6595b64144ccf1df_6.0.26100.8457_none_3e0b2faee331e92d\COMCTL32.dll
0x00007ffbc8400000 - 0x00007ffbc840b000 	C:\WINDOWS\SYSTEM32\VERSION.dll
0x00007ffbe40c0000 - 0x00007ffbe40f2000 	C:\WINDOWS\System32\IMM32.DLL
0x00007ffbb8f10000 - 0x00007ffbb8f1c000 	C:\Program Files\Java\jdk-17\bin\vcruntime140_1.dll
0x00007ffb8f5f0000 - 0x00007ffb8f67e000 	C:\Program Files\Java\jdk-17\bin\msvcp140.dll
0x00007ffb05ad0000 - 0x00007ffb066b0000 	C:\Program Files\Java\jdk-17\bin\server\jvm.dll
0x00007ffbe5ad0000 - 0x00007ffbe5ad8000 	C:\WINDOWS\System32\PSAPI.DLL
0x00007ffbc3fc0000 - 0x00007ffbc3fca000 	C:\WINDOWS\SYSTEM32\WSOCK32.dll
0x00007ffbe5a30000 - 0x00007ffbe5ab0000 	C:\WINDOWS\System32\WS2_32.dll
0x00007ffbe0300000 - 0x00007ffbe0336000 	C:\WINDOWS\SYSTEM32\WINMM.dll
0x00007ffbe1720000 - 0x00007ffbe173b000 	C:\WINDOWS\SYSTEM32\kernel.appcore.dll
0x00007ffbb77c0000 - 0x00007ffbb77ca000 	C:\Program Files\Java\jdk-17\bin\jimage.dll
0x00007ffbe07b0000 - 0x00007ffbe09f2000 	C:\WINDOWS\SYSTEM32\DBGHELP.DLL
0x00007ffbe5ae0000 - 0x00007ffbe5e63000 	C:\WINDOWS\System32\combase.dll
0x00007ffbe4730000 - 0x00007ffbe4809000 	C:\WINDOWS\System32\OLEAUT32.dll
0x00007ffbc2960000 - 0x00007ffbc299b000 	C:\WINDOWS\SYSTEM32\dbgcore.DLL
0x00007ffbe3c30000 - 0x00007ffbe3cd8000 	C:\WINDOWS\System32\bcryptPrimitives.dll
0x00007ffb9c200000 - 0x00007ffb9c225000 	C:\Program Files\Java\jdk-17\bin\java.dll
0x00007ffb4ccc0000 - 0x00007ffb4cd97000 	C:\Program Files\Java\jdk-17\bin\jsvml.dll
0x00007ffbe5000000 - 0x00007ffbe576e000 	C:\WINDOWS\System32\SHELL32.dll
0x00007ffbe31c0000 - 0x00007ffbe3a2c000 	C:\WINDOWS\System32\windows.storage.dll
0x00007ffbe45a0000 - 0x00007ffbe4696000 	C:\WINDOWS\System32\SHCORE.dll
0x00007ffbe4050000 - 0x00007ffbe40b6000 	C:\WINDOWS\System32\shlwapi.dll
0x00007ffbe28b0000 - 0x00007ffbe28d9000 	C:\WINDOWS\SYSTEM32\profapi.dll
0x00007ffb9ffe0000 - 0x00007ffb9fff9000 	C:\Program Files\Java\jdk-17\bin\net.dll
0x00007ffbd9b20000 - 0x00007ffbd9c49000 	C:\WINDOWS\SYSTEM32\WINHTTP.dll
0x00007ffbe1c90000 - 0x00007ffbe1cfc000 	C:\WINDOWS\system32\mswsock.dll
0x00007ffb9c1e0000 - 0x00007ffb9c1f6000 	C:\Program Files\Java\jdk-17\bin\nio.dll
0x00007ffb92fc0000 - 0x00007ffb92fd8000 	C:\Program Files\Java\jdk-17\bin\zip.dll
0x00007ffbe1130000 - 0x00007ffbe1162000 	C:\WINDOWS\SYSTEM32\IPHLPAPI.DLL
0x00007ffbe4720000 - 0x00007ffbe472a000 	C:\WINDOWS\System32\NSI.dll
0x00007ffbd9eb0000 - 0x00007ffbd9ecd000 	C:\WINDOWS\SYSTEM32\dhcpcsvc6.DLL
0x00007ffbd9e80000 - 0x00007ffbd9ea5000 	C:\WINDOWS\SYSTEM32\dhcpcsvc.DLL
0x00007ffbe11d0000 - 0x00007ffbe1302000 	C:\WINDOWS\SYSTEM32\DNSAPI.dll
0x00007ffbd8200000 - 0x00007ffbd820b000 	C:\Windows\System32\rasadhlp.dll
0x00007ffbd9fc0000 - 0x00007ffbda046000 	C:\WINDOWS\System32\fwpuclnt.dll
0x00007ffbb9040000 - 0x00007ffbb904e000 	C:\Program Files\Java\jdk-17\bin\sunmscapi.dll
0x00007ffbe2a50000 - 0x00007ffbe2bc8000 	C:\WINDOWS\System32\CRYPT32.dll
0x00007ffbe2190000 - 0x00007ffbe21c0000 	C:\WINDOWS\SYSTEM32\ncrypt.dll
0x00007ffbe2140000 - 0x00007ffbe217f000 	C:\WINDOWS\SYSTEM32\NTASN1.dll
0x00007ffbe1f70000 - 0x00007ffbe1f8b000 	C:\WINDOWS\SYSTEM32\CRYPTSP.dll
0x00007ffbe1680000 - 0x00007ffbe16b9000 	C:\WINDOWS\system32\rsaenh.dll
0x00007ffbe1d40000 - 0x00007ffbe1d73000 	C:\WINDOWS\SYSTEM32\USERENV.dll
0x00007ffbe2880000 - 0x00007ffbe28aa000 	C:\WINDOWS\SYSTEM32\bcrypt.dll
0x00007ffbe1f90000 - 0x00007ffbe1f9c000 	C:\WINDOWS\SYSTEM32\CRYPTBASE.dll
0x00007ffbb4cf0000 - 0x00007ffbb4cfa000 	C:\Program Files\Java\jdk-17\bin\management.dll
0x00007ffbac530000 - 0x00007ffbac53b000 	C:\Program Files\Java\jdk-17\bin\management_ext.dll
0x00007ffbb7790000 - 0x00007ffbb77a0000 	C:\Program Files\Java\jdk-17\bin\verify.dll

dbghelp: loaded successfully - version: 4.0.5 - missing functions: none
symbol engine: initialized successfully - sym options: 0x614 - pdb path: .;C:\Program Files\Java\jdk-17\bin;C:\WINDOWS\SYSTEM32;C:\WINDOWS\WinSxS\amd64_microsoft.windows.common-controls_6595b64144ccf1df_6.0.26100.8457_none_3e0b2faee331e92d;C:\Program Files\Java\jdk-17\bin\server

VM Arguments:
jvm_args: -XX:TieredStopAtLevel=1 
java_command: com.codesync.comment.CommentServiceApplication
java_class_path (initial): C:\Users\Dell\OneDrive\Desktop\codesyncsynopsis\comment-service\target\classes;C:\Users\Dell\.m2\repository\org\springframework\spring-aop\6.1.5\spring-aop-6.1.5.jar;C:\Users\Dell\.m2\repository\org\aspectj\aspectjweaver\1.9.21\aspectjweaver-1.9.21.jar;C:\Users\Dell\.m2\repository\com\zaxxer\HikariCP\5.0.1\HikariCP-5.0.1.jar;C:\Users\Dell\.m2\repository\org\springframework\spring-jdbc\6.1.5\spring-jdbc-6.1.5.jar;C:\Users\Dell\.m2\repository\org\hibernate\orm\hibernate-core\6.4.4.Final\hibernate-core-6.4.4.Final.jar;C:\Users\Dell\.m2\repository\jakarta\persistence\jakarta.persistence-api\3.1.0\jakarta.persistence-api-3.1.0.jar;C:\Users\Dell\.m2\repository\jakarta\transaction\jakarta.transaction-api\2.0.1\jakarta.transaction-api-2.0.1.jar;C:\Users\Dell\.m2\repository\org\jboss\logging\jboss-logging\3.5.3.Final\jboss-logging-3.5.3.Final.jar;C:\Users\Dell\.m2\repository\org\hibernate\common\hibernate-commons-annotations\6.0.6.Final\hibernate-commons-annotations-6.0.6.Final.jar;C:\Users\Dell\.m2\repository\io\smallrye\jandex\3.1.2\jandex-3.1.2.jar;C:\Users\Dell\.m2\repository\com\fasterxml\classmate\1.6.0\classmate-1.6.0.jar;C:\Users\Dell\.m2\repository\net\bytebuddy\byte-buddy\1.14.12\byte-buddy-1.14.12.jar;C:\Users\Dell\.m2\repository\org\glassfish\jaxb\jaxb-runtime\4.0.5\jaxb-runtime-4.0.5.jar;C:\Users\Dell\.m2\repository\org\glassfish\jaxb\jaxb-core\4.0.5\jaxb-core-4.0.5.jar;C:\Users\Dell\.m2\repository\org\eclipse\angus\angus-activation\2.0.2\angus-activation-2.0.2.jar;C:\Users\Dell\.m2\repository\org\glassfish\jaxb\txw2\4.0.5\txw2-4.0.5.jar;C:\Users\Dell\.m2\repository\com\sun\istack\istack-commons-runtime\4.1.2\istack-commons-runtime-4.1.2.jar;C:\Users\Dell\.m2\repository\jakarta\inject\jakarta.inject-api\2.0.1\jakarta.inject-api-2.0.1.jar;C:\Users\Dell\.m2\repository\org\antlr\antlr4-runtime\4.13.0\antlr4-runtime-4.13.0.jar;C:\Users\Dell\.m2\repository\org\springframework\data\spring-data-jpa\3.2.4\spring-data-jpa-3.2.4.jar;C:\Users\D
Launcher Type: SUN_STANDARD

[Global flags]
     intx CICompilerCount                          = 4                                         {product} {ergonomic}
     uint ConcGCThreads                            = 3                                         {product} {ergonomic}
     uint G1ConcRefinementThreads                  = 10                                        {product} {ergonomic}
   size_t G1HeapRegionSize                         = 1048576                                   {product} {ergonomic}
    uintx GCDrainStackTargetSize                   = 64                                        {product} {ergonomic}
   size_t InitialHeapSize                          = 130023424                                 {product} {ergonomic}
   size_t MarkStackSize                            = 4194304                                   {product} {ergonomic}
   size_t MaxHeapSize                              = 2065694720                                {product} {ergonomic}
   size_t MaxNewSize                               = 1239416832                                {product} {ergonomic}
   size_t MinHeapDeltaBytes                        = 1048576                                   {product} {ergonomic}
   size_t MinHeapSize                              = 8388608                                   {product} {ergonomic}
    uintx NonProfiledCodeHeapSize                  = 0                                      {pd product} {ergonomic}
     bool ProfileInterpreter                       = false                                  {pd product} {command line}
    uintx ProfiledCodeHeapSize                     = 0                                      {pd product} {ergonomic}
   size_t SoftMaxHeapSize                          = 2065694720                             {manageable} {ergonomic}
     intx TieredStopAtLevel                        = 1                                         {product} {command line}
     bool UseCompressedClassPointers               = true                           {product lp64_product} {ergonomic}
     bool UseCompressedOops                        = true                           {product lp64_product} {ergonomic}
     bool UseG1GC                                  = true                                      {product} {ergonomic}
     bool UseLargePagesIndividualAllocation        = false                                  {pd product} {ergonomic}

Logging:
Log output configuration:
 #0: stdout all=warning uptime,level,tags
 #1: stderr all=off uptime,level,tags

Environment Variables:
JAVA_HOME=C:\Program Files\Java\jdk-17
PATH=C:\Program Files\Common Files\Oracle\Java\javapath;C:\Program Files (x86)\Common Files\Oracle\Java\java8path;C:\Program Files (x86)\Common Files\Oracle\Java\javapath;C:\WINDOWS\system32;C:\WINDOWS;C:\WINDOWS\System32\Wbem;C:\WINDOWS\System32\WindowsPowerShell\v1.0\;C:\WINDOWS\System32\OpenSSH\;C:\Program Files\dotnet\;C:\MinGW\bin;C:\Program Files\Java\jdk1.8.0_202\bin;C:\Users\Dell\AppData\Roaming\nvm;C:\Program Files\nodejs;C:\Program Files\Git\cmd;C:\Program Files\Git\mingw64\bin;C:\Program Files\Git\usr\bin;C:\Program Files\nodejs\;C:\Users\Dell\Downloads\apache-maven-3.9.12-bin\apache-maven-3.9.12\bin;C:\Program Files\MySQL\MySQL Server 8.0\bin;C:\Program Files\Amazon\AWSCLIV2\;C:\Program Files\Docker\Docker\resources\bin;C:\Program Files\Cloudflare\Cloudflare WARP\;C:\Program Files\Java\jdk-17\bin;C:\Program Files\Common Files\Oracle\Java\javapath;C:\Program Files (x86)\Common Files\Oracle\Java\java8path;C:\Program Files (x86)\Common Files\Oracle\Java\javapath;C:\WINDOWS\system32;C:\WINDOWS;C:\WINDOWS\System32\Wbem;C:\WINDOWS\System32\WindowsPowerShell\v1.0\;C:\WINDOWS\System32\OpenSSH\;C:\Program Files\dotnet\;C:\MinGW\bin;C:\Program Files\Java\jdk1.8.0_202\bin;C:\Users\Dell\AppData\Roaming\nvm;C:\Program Files\nodejs;C:\Program Files\Git\cmd;C:\Program Files\Git\mingw64\bin;C:\Program Files\Git\usr\bin;C:\Program Files\nodejs\;C:\Users\Dell\Downloads\apache-maven-3.9.12-bin\apache-maven-3.9.12\bin;C:\Program Files\MySQL\MySQL Server 8.0\bin;C:\Program Files\Amazon\AWSCLIV2\;C:\Program Files\Docker\Docker\resources\bin;C:\Program Files\Cloudflare\Cloudflare WARP\;C:\Users\Dell\AppData\Local\Programs\Microsoft VS Code\bin;C:\Users\Dell\AppData\Local\Programs\Antigravity\bin
USERNAME=Dell
OS=Windows_NT
PROCESSOR_IDENTIFIER=Intel64 Family 6 Model 154 Stepping 4, GenuineIntel



---------------  S Y S T E M  ---------------

OS:
 Windows 11 , 64 bit Build 26100 (10.0.26100.8328)
OS uptime: 3 days 21:06 hours
Hyper-V role detected

CPU: total 12 (initial active 12) (6 cores per cpu, 2 threads per core) family 6 model 154 stepping 4 microcode 0x43b, cx8, cmov, fxsr, ht, mmx, 3dnowpref, sse, sse2, sse3, ssse3, sse4.1, sse4.2, popcnt, lzcnt, tsc, tscinvbit, avx, avx2, aes, erms, clmul, bmi1, bmi2, adx, sha, fma, vzeroupper, clflush, clflushopt, clwb, hv

Memory: 4k page, system-wide physical 7876M (245M free)
TotalPageFile size 32452M (AvailPageFile size 0M)
current process WorkingSet (physical memory assigned to process): 176M, peak: 176M
current process commit charge ("private bytes"): 248M, peak: 273M

vm_info: Java HotSpot(TM) 64-Bit Server VM (17.0.12+8-LTS-286) for windows-amd64 JRE (17.0.12+8-LTS-286), built on Jun  5 2024 06:46:59 by "mach5one" with MS VC++ 17.6 (VS2022)

END.
